  GET /index.html
  GET /analyzer-ui.css
  GET /analyzer-ui.js
  GET /api/samples
  GET /favicon.ico
  GET /api/sample
  GET /api/sample
  GET /api/sample
  GET /api/sample
  GET /api/sample
  GET /api/sample
  GET /api/sample
  GET /api/sample
  GET /api/sample
  GET /api/sample
  GET /api/sample
  GET /api/sample
  GET /api/sample
  GET /api/sample
  GET /api/sample
  GET /api/sample
  GET /api/sample
  GET /api/sample
  GET /api/sample
  POST /api/analyze
  GET /index.html
  GET /analyzer-ui.css
  GET /analyzer-ui.js
  GET /api/samples
  GET /api/sample
  GET /api/sample
  GET /api/sample
  GET /api/sample
  GET /api/sample
  GET /api/sample
  GET /api/sample
  GET /api/sample
  GET /api/sample
  GET /api/sample
  GET /api/sample
  GET /api/sample
  GET /api/sample
  GET /api/sample
  GET /api/sample
  GET /api/sample
  GET /api/sample
  GET /api/sample
  GET /api/sample
  POST /api/analyze
  GET /analyzer-ui.js
  GET /api/samples
  POST /api/tape
